// Jest Snapshot v1, https://goo.gl/fbAQLP

exports[`Pruebas en el componente <Navbar /> debe de mostrarse correctamente 1`] = `
<nav
  className="navbar navbar-expand-lg navbar-dark bg-dark"
>
  <div
    className="container-fluid"
  >
    <a
      aria-current={null}
      className="navbar-brand"
      onClick={[Function]}
    >
      ASOCIACIONES
    </a>
    <div
      className="collapse navbar-collapse"
      id="navbarText"
    >
      <ul
        className="navbar-nav me-auto mb-2 mb-lg-0"
      >
        <li
          className="nav-item"
        >
          <a
            aria-current={null}
            className="nav-link"
            onClick={[Function]}
          >
            Marvel
          </a>
        </li>
        <li
          className="nav-item"
        >
          <a
            aria-current={null}
            className="nav-link"
            onClick={[Function]}
          >
            DC
          </a>
        </li>
        <li
          className="nav-item"
        >
          <a
            aria-current={null}
            className="nav-link"
            onClick={[Function]}
          >
            Search
          </a>
        </li>
      </ul>
      <ul
        className="navbar-nav"
      >
        <li
          className="nav-item"
        >
          <span
            className="nav-link text-info"
          >
            Antonio
          </span>
        </li>
        <li
          className="nav-item"
        >
          <button
            className="nav-link btn"
            onClick={[Function]}
          >
            Logout
          </button>
        </li>
      </ul>
    </div>
  </div>
</nav>
`;
